id,name,surname,birth_year
1,Vasya,Petrov,1999
2,Ivan,Ivanov,2000
3,Misha,Pyaov,2001
4,Petya,Khmelnov,1999
5,Petya,Petrov,1999